// Jest Snapshot v1, https://goo.gl/fbAQLP

exports[`Test for Home component should load component Home  1`] = `
Object {
  "asFragment": [Function],
  "baseElement": <body>
    <div>
      <div
        class="home"
      >
        <div
          class="contentImage"
        >
          <img
            alt="person"
            src="/assets/images/Vector.png"
          />
        </div>
        <h1
          class="title"
        >
          Find the best agent for you!
        </h1>
        <h3
          class="subtitle"
        >
          Fill the information below to get your matches.
        </h3>
        <div
          class="contentInput"
          id="incomeForm"
        >
          <h4
            class="label"
          >
            Current income
          </h4>
          <div
            class="iconinput"
          >
            <span
              class="fas fa-dollar-sign"
            />
            <input
              autocomplete="off"
              id="income"
              maxlength="6"
              minlength="6"
              required=""
              type="text"
              value=""
            />
          </div>
          <h4
            class="error"
          >
            Must be 5 numbers
          </h4>
          <div
            class="contentButton"
          >
            <button
              disabled=""
            >
              Get matches
              <span
                class="fas fa-arrow-right"
              />
            </button>
          </div>
        </div>
      </div>
    </div>
  </body>,
  "container": <div>
    <div
      class="home"
    >
      <div
        class="contentImage"
      >
        <img
          alt="person"
          src="/assets/images/Vector.png"
        />
      </div>
      <h1
        class="title"
      >
        Find the best agent for you!
      </h1>
      <h3
        class="subtitle"
      >
        Fill the information below to get your matches.
      </h3>
      <div
        class="contentInput"
        id="incomeForm"
      >
        <h4
          class="label"
        >
          Current income
        </h4>
        <div
          class="iconinput"
        >
          <span
            class="fas fa-dollar-sign"
          />
          <input
            autocomplete="off"
            id="income"
            maxlength="6"
            minlength="6"
            required=""
            type="text"
            value=""
          />
        </div>
        <h4
          class="error"
        >
          Must be 5 numbers
        </h4>
        <div
          class="contentButton"
        >
          <button
            disabled=""
          >
            Get matches
            <span
              class="fas fa-arrow-right"
            />
          </button>
        </div>
      </div>
    </div>
  </div>,
  "debug": [Function],
  "findAllByAltText": [Function],
  "findAllByDisplayValue": [Function],
  "findAllByLabelText": [Function],
  "findAllByPlaceholderText": [Function],
  "findAllByRole": [Function],
  "findAllByTestId": [Function],
  "findAllByText": [Function],
  "findAllByTitle": [Function],
  "findByAltText": [Function],
  "findByDisplayValue": [Function],
  "findByLabelText": [Function],
  "findByPlaceholderText": [Function],
  "findByRole": [Function],
  "findByTestId": [Function],
  "findByText": [Function],
  "findByTitle": [Function],
  "getAllByAltText": [Function],
  "getAllByDisplayValue": [Function],
  "getAllByLabelText": [Function],
  "getAllByPlaceholderText": [Function],
  "getAllByRole": [Function],
  "getAllByTestId": [Function],
  "getAllByText": [Function],
  "getAllByTitle": [Function],
  "getByAltText": [Function],
  "getByDisplayValue": [Function],
  "getByLabelText": [Function],
  "getByPlaceholderText": [Function],
  "getByRole": [Function],
  "getByTestId": [Function],
  "getByText": [Function],
  "getByTitle": [Function],
  "queryAllByAltText": [Function],
  "queryAllByDisplayValue": [Function],
  "queryAllByLabelText": [Function],
  "queryAllByPlaceholderText": [Function],
  "queryAllByRole": [Function],
  "queryAllByTestId": [Function],
  "queryAllByText": [Function],
  "queryAllByTitle": [Function],
  "queryByAltText": [Function],
  "queryByDisplayValue": [Function],
  "queryByLabelText": [Function],
  "queryByPlaceholderText": [Function],
  "queryByRole": [Function],
  "queryByTestId": [Function],
  "queryByText": [Function],
  "queryByTitle": [Function],
  "rerender": [Function],
  "unmount": [Function],
}
`;
