// Jest Snapshot v1, https://goo.gl/fbAQLP

exports[`Test for Card component should load component Agents  1`] = `
Object {
  "asFragment": [Function],
  "baseElement": <body>
    <div>
      <div
        class="agents"
      >
        <div>
          <h1
            class="title"
          >
            Your matches
          </h1>
          <h2
            class="subtitle"
          >
            Your income:
             
            <strong>
              $20,000
            </strong>
          </h2>
          <div
            class="cards"
          >
            <div
              class="contentSelect"
            >
              <h4
                class="label"
              >
                Order agents by
              </h4>
              <div
                class="select css-2b097c-container"
              >
                <span
                  aria-atomic="false"
                  aria-live="polite"
                  aria-relevant="additions text"
                  class="css-1f43avz-a11yText-A11yText"
                />
                <div
                  class="react-select__control css-yk16xz-control"
                >
                  <div
                    class="react-select__value-container css-g1d714-ValueContainer"
                  >
                    <div
                      class="react-select__placeholder css-1wa3eu0-placeholder"
                    >
                      Select...
                    </div>
                    <div
                      class="css-b8ldur-Input"
                    >
                      <div
                        class="react-select__input"
                        style="display: inline-block;"
                      >
                        <input
                          aria-autocomplete="list"
                          autocapitalize="none"
                          autocomplete="off"
                          autocorrect="off"
                          id="react-select-2-input"
                          spellcheck="false"
                          style="box-sizing: content-box; width: 2px; border: 0px; opacity: 1; outline: 0; padding: 0px;"
                          tabindex="0"
                          type="text"
                          value=""
                        />
                        <div
                          style="position: absolute; top: 0px; left: 0px; visibility: hidden; height: 0px; overflow: scroll; white-space: pre; font-family: -webkit-small-control; letter-spacing: normal; text-transform: none;"
                        />
                      </div>
                    </div>
                  </div>
                  <div
                    class="react-select__indicators css-1hb7zxy-IndicatorsContainer"
                  >
                    <span
                      class="react-select__indicator-separator css-1okebmr-indicatorSeparator"
                    />
                    <div
                      aria-hidden="true"
                      class="react-select__indicator react-select__dropdown-indicator css-tlfecz-indicatorContainer"
                    >
                      <svg
                        aria-hidden="true"
                        class="css-tj5bde-Svg"
                        focusable="false"
                        height="20"
                        viewBox="0 0 20 20"
                        width="20"
                      >
                        <path
                          d="M4.516 7.548c0.436-0.446 1.043-0.481 1.576 0l3.908 3.747 3.908-3.747c0.533-0.481 1.141-0.446 1.574 0 0.436 0.445 0.408 1.197 0 1.615-0.406 0.418-4.695 4.502-4.695 4.502-0.217 0.223-0.502 0.335-0.787 0.335s-0.57-0.112-0.789-0.335c0 0-4.287-4.084-4.695-4.502s-0.436-1.17 0-1.615z"
                        />
                      </svg>
                    </div>
                  </div>
                </div>
              </div>
            </div>
            <div
              class="cardsContainer"
            >
              <div
                class="card"
              >
                <div
                  class="avatar"
                >
                  <img
                    alt="avatar"
                    src="/assets/images/man.png"
                  />
                </div>
                <div
                  class="description"
                >
                  <h2
                    class="name"
                  >
                    <strong>
                      Rand
                    </strong>
                  </h2>
                  <h3
                    class="id"
                  >
                    ID: 
                    33
                  </h3>
                  <div
                    class="income"
                  >
                    Income  
                    <strong>
                      $12,580
                    </strong>
                  </div>
                </div>
              </div>
              <div
                class="card"
              >
                <div
                  class="avatar"
                >
                  <img
                    alt="avatar"
                    src="/assets/images/female.png"
                  />
                </div>
                <div
                  class="description"
                >
                  <h2
                    class="name"
                  >
                    <strong>
                      Kathy
                    </strong>
                  </h2>
                  <h3
                    class="id"
                  >
                    ID: 
                    34
                  </h3>
                  <div
                    class="income"
                  >
                    Income  
                    <strong>
                      $10,604
                    </strong>
                  </div>
                </div>
              </div>
              <div
                class="card"
              >
                <div
                  class="avatar"
                >
                  <img
                    alt="avatar"
                    src="/assets/images/female.png"
                  />
                </div>
                <div
                  class="description"
                >
                  <h2
                    class="name"
                  >
                    <strong>
                      Susan
                    </strong>
                  </h2>
                  <h3
                    class="id"
                  >
                    ID: 
                    35
                  </h3>
                  <div
                    class="income"
                  >
                    Income  
                    <strong>
                      $13,601
                    </strong>
                  </div>
                </div>
              </div>
            </div>
          </div>
          <div
            class="contentButtons"
          >
            <button
              class="link"
              disabled=""
            >
              <h3>
                Show less -
              </h3>
            </button>
            <button
              class="link"
            >
              <h3>
                Show more +
              </h3>
            </button>
          </div>
        </div>
      </div>
    </div>
  </body>,
  "container": <div>
    <div
      class="agents"
    >
      <div>
        <h1
          class="title"
        >
          Your matches
        </h1>
        <h2
          class="subtitle"
        >
          Your income:
           
          <strong>
            $20,000
          </strong>
        </h2>
        <div
          class="cards"
        >
          <div
            class="contentSelect"
          >
            <h4
              class="label"
            >
              Order agents by
            </h4>
            <div
              class="select css-2b097c-container"
            >
              <span
                aria-atomic="false"
                aria-live="polite"
                aria-relevant="additions text"
                class="css-1f43avz-a11yText-A11yText"
              />
              <div
                class="react-select__control css-yk16xz-control"
              >
                <div
                  class="react-select__value-container css-g1d714-ValueContainer"
                >
                  <div
                    class="react-select__placeholder css-1wa3eu0-placeholder"
                  >
                    Select...
                  </div>
                  <div
                    class="css-b8ldur-Input"
                  >
                    <div
                      class="react-select__input"
                      style="display: inline-block;"
                    >
                      <input
                        aria-autocomplete="list"
                        autocapitalize="none"
                        autocomplete="off"
                        autocorrect="off"
                        id="react-select-2-input"
                        spellcheck="false"
                        style="box-sizing: content-box; width: 2px; border: 0px; opacity: 1; outline: 0; padding: 0px;"
                        tabindex="0"
                        type="text"
                        value=""
                      />
                      <div
                        style="position: absolute; top: 0px; left: 0px; visibility: hidden; height: 0px; overflow: scroll; white-space: pre; font-family: -webkit-small-control; letter-spacing: normal; text-transform: none;"
                      />
                    </div>
                  </div>
                </div>
                <div
                  class="react-select__indicators css-1hb7zxy-IndicatorsContainer"
                >
                  <span
                    class="react-select__indicator-separator css-1okebmr-indicatorSeparator"
                  />
                  <div
                    aria-hidden="true"
                    class="react-select__indicator react-select__dropdown-indicator css-tlfecz-indicatorContainer"
                  >
                    <svg
                      aria-hidden="true"
                      class="css-tj5bde-Svg"
                      focusable="false"
                      height="20"
                      viewBox="0 0 20 20"
                      width="20"
                    >
                      <path
                        d="M4.516 7.548c0.436-0.446 1.043-0.481 1.576 0l3.908 3.747 3.908-3.747c0.533-0.481 1.141-0.446 1.574 0 0.436 0.445 0.408 1.197 0 1.615-0.406 0.418-4.695 4.502-4.695 4.502-0.217 0.223-0.502 0.335-0.787 0.335s-0.57-0.112-0.789-0.335c0 0-4.287-4.084-4.695-4.502s-0.436-1.17 0-1.615z"
                      />
                    </svg>
                  </div>
                </div>
              </div>
            </div>
          </div>
          <div
            class="cardsContainer"
          >
            <div
              class="card"
            >
              <div
                class="avatar"
              >
                <img
                  alt="avatar"
                  src="/assets/images/man.png"
                />
              </div>
              <div
                class="description"
              >
                <h2
                  class="name"
                >
                  <strong>
                    Rand
                  </strong>
                </h2>
                <h3
                  class="id"
                >
                  ID: 
                  33
                </h3>
                <div
                  class="income"
                >
                  Income  
                  <strong>
                    $12,580
                  </strong>
                </div>
              </div>
            </div>
            <div
              class="card"
            >
              <div
                class="avatar"
              >
                <img
                  alt="avatar"
                  src="/assets/images/female.png"
                />
              </div>
              <div
                class="description"
              >
                <h2
                  class="name"
                >
                  <strong>
                    Kathy
                  </strong>
                </h2>
                <h3
                  class="id"
                >
                  ID: 
                  34
                </h3>
                <div
                  class="income"
                >
                  Income  
                  <strong>
                    $10,604
                  </strong>
                </div>
              </div>
            </div>
            <div
              class="card"
            >
              <div
                class="avatar"
              >
                <img
                  alt="avatar"
                  src="/assets/images/female.png"
                />
              </div>
              <div
                class="description"
              >
                <h2
                  class="name"
                >
                  <strong>
                    Susan
                  </strong>
                </h2>
                <h3
                  class="id"
                >
                  ID: 
                  35
                </h3>
                <div
                  class="income"
                >
                  Income  
                  <strong>
                    $13,601
                  </strong>
                </div>
              </div>
            </div>
          </div>
        </div>
        <div
          class="contentButtons"
        >
          <button
            class="link"
            disabled=""
          >
            <h3>
              Show less -
            </h3>
          </button>
          <button
            class="link"
          >
            <h3>
              Show more +
            </h3>
          </button>
        </div>
      </div>
    </div>
  </div>,
  "debug": [Function],
  "findAllByAltText": [Function],
  "findAllByDisplayValue": [Function],
  "findAllByLabelText": [Function],
  "findAllByPlaceholderText": [Function],
  "findAllByRole": [Function],
  "findAllByTestId": [Function],
  "findAllByText": [Function],
  "findAllByTitle": [Function],
  "findByAltText": [Function],
  "findByDisplayValue": [Function],
  "findByLabelText": [Function],
  "findByPlaceholderText": [Function],
  "findByRole": [Function],
  "findByTestId": [Function],
  "findByText": [Function],
  "findByTitle": [Function],
  "getAllByAltText": [Function],
  "getAllByDisplayValue": [Function],
  "getAllByLabelText": [Function],
  "getAllByPlaceholderText": [Function],
  "getAllByRole": [Function],
  "getAllByTestId": [Function],
  "getAllByText": [Function],
  "getAllByTitle": [Function],
  "getByAltText": [Function],
  "getByDisplayValue": [Function],
  "getByLabelText": [Function],
  "getByPlaceholderText": [Function],
  "getByRole": [Function],
  "getByTestId": [Function],
  "getByText": [Function],
  "getByTitle": [Function],
  "queryAllByAltText": [Function],
  "queryAllByDisplayValue": [Function],
  "queryAllByLabelText": [Function],
  "queryAllByPlaceholderText": [Function],
  "queryAllByRole": [Function],
  "queryAllByTestId": [Function],
  "queryAllByText": [Function],
  "queryAllByTitle": [Function],
  "queryByAltText": [Function],
  "queryByDisplayValue": [Function],
  "queryByLabelText": [Function],
  "queryByPlaceholderText": [Function],
  "queryByRole": [Function],
  "queryByTestId": [Function],
  "queryByText": [Function],
  "queryByTitle": [Function],
  "rerender": [Function],
  "unmount": [Function],
}
`;
